MPLINK 5.09, LINKER
Linker Map File - Created Wed Jul 12 17:39:58 2023

                                 Section Info
                  Section       Type    Address   Location Size(Bytes)
                ---------  ---------  ---------  ---------  ---------
                   .org_0       code   0x000000    program   0x000002
                   .cinit    romdata   0x000001    program   0x000004
                   .org_1       code   0x000020    program   0x00012a
.config_2007_BUILD/DEFAULT/PRODUCTION/PROGRAM       code   0x002007    program   0x000002



                              Program Memory Usage 
                               Start         End      
                           ---------   ---------      
                            0x000000    0x000002      
                            0x000020    0x0000b4      
                            0x002007    0x002007      
            153 out of 8454 program addresses used, program memory utilization is 1%



                              Symbols - Sorted by Name
                     Name    Address   Location    Storage File                     
                ---------  ---------  ---------  --------- ---------                
                    BUCLE   0x0000b0    program     static C:\Users\Matias\MPLABXProjects\prueba.X\Libreria.inc
                   ENABLE   0x0000a8    program     static C:\Users\Matias\MPLABXProjects\prueba.X\Libreria.inc
                   INICIO   0x000020    program     static C:\Users\Matias\MPLABXProjects\prueba.X\ProgramaPrincipal.asm
              LCD_2LINEAS   0x000083    program     static C:\Users\Matias\MPLABXProjects\prueba.X\Libreria.inc
               LCD_BORRAR   0x00007d    program     static C:\Users\Matias\MPLABXProjects\prueba.X\Libreria.inc
             LCD_CARACTER   0x00008d    program     static C:\Users\Matias\MPLABXProjects\prueba.X\Libreria.inc
              LCD_COMANDO   0x000086    program     static C:\Users\Matias\MPLABXProjects\prueba.X\Libreria.inc
               LCD_CONFIG   0x00009e    program     static C:\Users\Matias\MPLABXProjects\prueba.X\Libreria.inc
                LCD_DATOS   0x000094    program     static C:\Users\Matias\MPLABXProjects\prueba.X\Libreria.inc
              LCD_DISPLAY   0x00007a    program     static C:\Users\Matias\MPLABXProjects\prueba.X\Libreria.inc
                 LCD_INCR   0x000080    program     static C:\Users\Matias\MPLABXProjects\prueba.X\Libreria.inc
                 LCD_INIT   0x00005e    program     static C:\Users\Matias\MPLABXProjects\prueba.X\Libreria.inc
               LCD_LINEA1   0x000077    program     static C:\Users\Matias\MPLABXProjects\prueba.X\Libreria.inc
               LCD_LINEA2   0x000074    program     static C:\Users\Matias\MPLABXProjects\prueba.X\Libreria.inc
              Retardo_1ms   0x0000ae    program     static C:\Users\Matias\MPLABXProjects\prueba.X\Libreria.inc
                    START   0x00005d    program     static C:\Users\Matias\MPLABXProjects\prueba.X\ProgramaPrincipal.asm



                              Symbols - Sorted by Address
                     Name    Address   Location    Storage File                     
                ---------  ---------  ---------  --------- ---------                
                   INICIO   0x000020    program     static C:\Users\Matias\MPLABXProjects\prueba.X\ProgramaPrincipal.asm
                    START   0x00005d    program     static C:\Users\Matias\MPLABXProjects\prueba.X\ProgramaPrincipal.asm
                 LCD_INIT   0x00005e    program     static C:\Users\Matias\MPLABXProjects\prueba.X\Libreria.inc
               LCD_LINEA2   0x000074    program     static C:\Users\Matias\MPLABXProjects\prueba.X\Libreria.inc
               LCD_LINEA1   0x000077    program     static C:\Users\Matias\MPLABXProjects\prueba.X\Libreria.inc
              LCD_DISPLAY   0x00007a    program     static C:\Users\Matias\MPLABXProjects\prueba.X\Libreria.inc
               LCD_BORRAR   0x00007d    program     static C:\Users\Matias\MPLABXProjects\prueba.X\Libreria.inc
                 LCD_INCR   0x000080    program     static C:\Users\Matias\MPLABXProjects\prueba.X\Libreria.inc
              LCD_2LINEAS   0x000083    program     static C:\Users\Matias\MPLABXProjects\prueba.X\Libreria.inc
              LCD_COMANDO   0x000086    program     static C:\Users\Matias\MPLABXProjects\prueba.X\Libreria.inc
             LCD_CARACTER   0x00008d    program     static C:\Users\Matias\MPLABXProjects\prueba.X\Libreria.inc
                LCD_DATOS   0x000094    program     static C:\Users\Matias\MPLABXProjects\prueba.X\Libreria.inc
               LCD_CONFIG   0x00009e    program     static C:\Users\Matias\MPLABXProjects\prueba.X\Libreria.inc
                   ENABLE   0x0000a8    program     static C:\Users\Matias\MPLABXProjects\prueba.X\Libreria.inc
              Retardo_1ms   0x0000ae    program     static C:\Users\Matias\MPLABXProjects\prueba.X\Libreria.inc
                    BUCLE   0x0000b0    program     static C:\Users\Matias\MPLABXProjects\prueba.X\Libreria.inc


